// Jest Snapshot v1, https://goo.gl/fbAQLP

exports[`Main page Matches snapshot 1`] = `
"<main class=\\"page-content page-content_offset\\">
  <overview-stub></overview-stub>
</main>"
`;
