// Jest Snapshot v1, https://goo.gl/fbAQLP

exports[`BaseOverlay Matches snapshot 1`] = `"<div class=\\"base-overlay \\"></div>"`;
