// Jest Snapshot v1, https://goo.gl/fbAQLP

exports[`Profile page Matches snapshot 1`] = `
"<main class=\\"page-content page-content_offset-top\\">
  <profile-stub></profile-stub>
</main>"
`;
