// Jest Snapshot v1, https://goo.gl/fbAQLP

exports[`BaseLogo Matches snapshot 1`] = `
"<div class=\\"base-logo  \\">
  <nuxt-link-stub to=\\"/\\" class=\\"base-logo__link link\\"><svg xmlns=\\"http://www.w3.org/2000/svg\\" width=\\"21.136\\" height=\\"23.774\\" class=\\"base-logo__icon\\">
      <path d=\\"M14 0v9.333a14 14 0 01-14 14V14A14 14 0 0114 0z\\" fill=\\"rgb(var(--color-darkturquoise))\\"></path>
      <path d=\\"M21.136 5.788l-3.192 8.77A14 14 0 010 22.926l3.192-8.77a14 14 0 0117.944-8.368z\\" fill=\\"rgb(var(--color-primary))\\"></path>
    </svg>
    <h1 class=\\"base-logo__title title\\">velocity</h1>
  </nuxt-link-stub>
</div>"
`;
