// Jest Snapshot v1, https://goo.gl/fbAQLP

exports[`Map page Matches snapshot 1`] = `
"<main class=\\"page-content page-content_offset-bottom\\">
  <map-stub></map-stub>
</main>"
`;
