// Jest Snapshot v1, https://goo.gl/fbAQLP

exports[`BaseSpinner Matches snapshot 1`] = `"<span class=\\"base-spinner base-spinner_size_xs  \\"></span>"`;
