// Jest Snapshot v1, https://goo.gl/fbAQLP

exports[`BaseSelect Matches snapshot 1`] = `
"<div class=\\"base-select\\"><label for=\\"id\\" class=\\"base-select__label\\">label</label>
  <div dir=\\"auto\\" class=\\"v-select vs--single vs--searchable base-select__select\\">
    <div id=\\"vs1__combobox\\" role=\\"combobox\\" aria-expanded=\\"false\\" aria-owns=\\"vs1__listbox\\" aria-label=\\"Search for option\\" class=\\"vs__dropdown-toggle\\">
      <div class=\\"vs__selected-options\\"> <input id=\\"id\\" aria-autocomplete=\\"list\\" aria-labelledby=\\"vs1__combobox\\" aria-controls=\\"vs1__listbox\\" type=\\"search\\" autocomplete=\\"off\\" class=\\"vs__search\\"></div>
      <div class=\\"vs__actions\\"><button type=\\"button\\" title=\\"Clear Selected\\" aria-label=\\"Clear Selected\\" class=\\"vs__clear\\" style=\\"display: none;\\"><svg xmlns=\\"http://www.w3.org/2000/svg\\" width=\\"10\\" height=\\"10\\">
            <path d=\\"M6.895455 5l2.842897-2.842898c.348864-.348863.348864-.914488 0-1.263636L9.106534.261648c-.348864-.348864-.914489-.348864-1.263636 0L5 3.104545 2.157102.261648c-.348863-.348864-.914488-.348864-1.263636 0L.261648.893466c-.348864.348864-.348864.914489 0 1.263636L3.104545 5 .261648 7.842898c-.348864.348863-.348864.914488 0 1.263636l.631818.631818c.348864.348864.914773.348864 1.263636 0L5 6.895455l2.842898 2.842897c.348863.348864.914772.348864 1.263636 0l.631818-.631818c.348864-.348864.348864-.914489 0-1.263636L6.895455 5z\\"></path>
          </svg></button> <span></span>
        <div class=\\"vs__spinner\\" style=\\"display: none;\\">Loading...</div>
      </div>
    </div>
    <ul id=\\"vs1__listbox\\" role=\\"listbox\\" style=\\"display: none; visibility: hidden;\\"></ul>
  </div>
</div>"
`;
