// Jest Snapshot v1, https://goo.gl/fbAQLP

exports[`BaseCircularGraph Matches snapshot 1`] = `
"<div class=\\"base-circular-graph\\">
  <div class=\\"base-circular-graph__wrapper\\"><svg viewBox=\\"0 0 100 100\\" width=\\"223\\" height=\\"223\\" shape-rendering=\\"geometricPrecision\\" class=\\"base-circular-graph__progress\\">
      <defs>
        <mask id=\\"base-circular-graph-mask-id\\" x=\\"0\\" y=\\"0\\" width=\\"120\\" height=\\"120\\" maskUnits=\\"userSpaceOnUse\\">
          <circle cx=\\"50\\" cy=\\"50\\" r=\\"51\\" stroke-width=\\"0\\" fill=\\"black\\" opacity=\\"1\\"></circle>
          <circle id=\\"bar\\" r=\\"50\\" cx=\\"50\\" cy=\\"50\\" fill=\\"transparent\\" stroke-dasharray=\\"1\\" stroke-dashoffset=\\"1000\\" stroke=\\"white\\" stroke-width=\\"16\\"></circle>
          <circle cx=\\"50\\" cy=\\"50\\" r=\\"40\\" stroke-width=\\"0\\" fill=\\"black\\" opacity=\\"1\\" class=\\"base-circular-graph__progress-inner\\"></circle>
        </mask>
      </defs>
      <g mask=\\"url(#base-circular-graph-mask-id)\\">
        <circle cx=\\"50\\" cy=\\"50\\" r=\\"50\\" opacity=\\"1\\" fill=\\"rgba(var(--color-primary), 0.2)\\" class=\\"base-circular-graph__track\\"></circle>
        <path d=\\"M 0 0\\" fill=\\"rgb(var(--color-primary))\\" class=\\"base-circular-graph__bar\\"></path>
      </g>
    </svg></div>
  <div class=\\"base-circular-graph__info\\">
    <h2 class=\\"title base-title base-title_level-2  base-circular-graph__title\\">0</h2>
    <p class=\\"base-circular-graph__caption caption paragraph\\">Operating <br> score</p>
  </div>
</div>"
`;
