// Jest Snapshot v1, https://goo.gl/fbAQLP

exports[`BasePieGraph Matches snapshot 1`] = `"<div class=\\"\\"><canvas id=\\"pie-chart\\" width=\\"0\\" height=\\"0\\" style=\\"display: block;\\" class=\\"chartjs-render-monitor\\"></canvas></div>"`;
